#-----------------------------------------------------------
# Vivado v2019.1 (64-bit)
# SW Build 2552052 on Fri May 24 14:49:42 MDT 2019
# IP Build 2548770 on Fri May 24 18:01:18 MDT 2019
# Start of session at: Mon May 19 21:54:06 2025
# Process ID: 2568
# Current directory: C:/TaiLieuHocTap/Nam3k2/FPGA/Tin_hieu_hinh_sin
# Command line: vivado.exe -gui_launcher_event rodinguilauncherevent1564 C:\TaiLieuHocTap\Nam3k2\FPGA\Tin_hieu_hinh_sin\Tin_hieu_hinh_sin.xpr
# Log file: C:/TaiLieuHocTap/Nam3k2/FPGA/Tin_hieu_hinh_sin/vivado.log
# Journal file: C:/TaiLieuHocTap/Nam3k2/FPGA/Tin_hieu_hinh_sin\vivado.jou
#-----------------------------------------------------------
start_gui
open_project C:/TaiLieuHocTap/Nam3k2/FPGA/Tin_hieu_hinh_sin/Tin_hieu_hinh_sin.xpr
update_compile_order -fileset sources_1
launch_simulation
source tb_sine_wave_generator.tcl
run 10 us
run 10 us
close_sim
launch_simulation
source tb_sine_wave_generator.tcl
run 10 us
run 10 us
close_sim
launch_simulation
source tb_sine_wave_generator.tcl
close_sim
