#-----------------------------------------------------------
# Vivado v2019.1 (64-bit)
# SW Build 2552052 on Fri May 24 14:49:42 MDT 2019
# IP Build 2548770 on Fri May 24 18:01:18 MDT 2019
# Start of session at: Mon Mar  3 20:31:12 2025
# Process ID: 17564
# Current directory: C:/TaiLieuHocTap/Nam3k2/FPGA/nt2ss
# Command line: vivado.exe -gui_launcher_event rodinguilauncherevent7200 C:\TaiLieuHocTap\Nam3k2\FPGA\nt2ss\project_2.xpr
# Log file: C:/TaiLieuHocTap/Nam3k2/FPGA/nt2ss/vivado.log
# Journal file: C:/TaiLieuHocTap/Nam3k2/FPGA/nt2ss\vivado.jou
#-----------------------------------------------------------
start_gui
open_project C:/TaiLieuHocTap/Nam3k2/FPGA/nt2ss/project_2.xpr
update_compile_order -fileset sources_1
launch_simulation
source nt2ss_tb.tcl
close_sim
launch_simulation
source nt2ss_tb.tcl
close_sim
launch_simulation
source nt2ss_tb.tcl
close_sim
launch_simulation
source nt2ss_tb.tcl
close_sim
launch_simulation
source nt2ss_tb.tcl
close_sim
launch_simulation
source nt2ss_tb.tcl
close_sim
launch_simulation
source nt2ss_tb.tcl
close_sim
launch_simulation
source nt2ss_tb.tcl
close_sim
launch_simulation
source nt2ss_tb.tcl
close_sim
launch_simulation
source nt2ss_tb.tcl
close_sim
launch_simulation
source nt2ss_tb.tcl
close_sim
launch_simulation
source nt2ss_tb.tcl
close_sim
