#-----------------------------------------------------------
# Vivado v2019.1 (64-bit)
# SW Build 2552052 on Fri May 24 14:49:42 MDT 2019
# IP Build 2548770 on Fri May 24 18:01:18 MDT 2019
# Start of session at: Mon May 12 22:54:01 2025
# Process ID: 16856
# Current directory: C:/TaiLieuHocTap/Nam3k2/FPGA/Led_7_thanh_full
# Command line: vivado.exe -gui_launcher_event rodinguilauncherevent9020 C:\TaiLieuHocTap\Nam3k2\FPGA\Led_7_thanh_full\Led_7_thanh.xpr
# Log file: C:/TaiLieuHocTap/Nam3k2/FPGA/Led_7_thanh_full/vivado.log
# Journal file: C:/TaiLieuHocTap/Nam3k2/FPGA/Led_7_thanh_full\vivado.jou
#-----------------------------------------------------------
start_gui
open_project C:/TaiLieuHocTap/Nam3k2/FPGA/Led_7_thanh_full/Led_7_thanh.xpr
update_compile_order -fileset sources_1
reset_run impl_1
launch_runs impl_1 -jobs 6
wait_on_run impl_1
launch_runs impl_1 -to_step write_bitstream -jobs 6
wait_on_run impl_1
open_hw
connect_hw_server
open_hw_target
set_property PROGRAM.FILE {C:/TaiLieuHocTap/Nam3k2/FPGA/Led_7_thanh_full/Led_7_thanh.runs/impl_1/led7.bit} [get_hw_devices xc7a35t_0]
current_hw_device [get_hw_devices xc7a35t_0]
refresh_hw_device -update_hw_probes false [lindex [get_hw_devices xc7a35t_0] 0]
set_property PROBES.FILE {} [get_hw_devices xc7a35t_0]
set_property FULL_PROBES.FILE {} [get_hw_devices xc7a35t_0]
set_property PROGRAM.FILE {C:/TaiLieuHocTap/Nam3k2/FPGA/Led_7_thanh_full/Led_7_thanh.runs/impl_1/led7.bit} [get_hw_devices xc7a35t_0]
program_hw_devices [get_hw_devices xc7a35t_0]
refresh_hw_device [lindex [get_hw_devices xc7a35t_0] 0]
reset_run synth_1
launch_runs impl_1 -jobs 6
wait_on_run impl_1
launch_runs impl_1 -to_step write_bitstream -jobs 6
wait_on_run impl_1
set_property PROBES.FILE {} [get_hw_devices xc7a35t_0]
set_property FULL_PROBES.FILE {} [get_hw_devices xc7a35t_0]
set_property PROGRAM.FILE {C:/TaiLieuHocTap/Nam3k2/FPGA/Led_7_thanh_full/Led_7_thanh.runs/impl_1/led7.bit} [get_hw_devices xc7a35t_0]
program_hw_devices [get_hw_devices xc7a35t_0]
refresh_hw_device [lindex [get_hw_devices xc7a35t_0] 0]
