#-----------------------------------------------------------
# Vivado v2019.1 (64-bit)
# SW Build 2552052 on Fri May 24 14:49:42 MDT 2019
# IP Build 2548770 on Fri May 24 18:01:18 MDT 2019
# Start of session at: Mon Feb 24 20:03:20 2025
# Process ID: 2588
# Current directory: C:/TaiLieuHocTap/Nam3k2/FPGA/Chuoi_1011_Mealy
# Command line: vivado.exe -gui_launcher_event rodinguilauncherevent20696 C:\TaiLieuHocTap\Nam3k2\FPGA\Chuoi_1011_Mealy\Chuoi_1011_Mealy.xpr
# Log file: C:/TaiLieuHocTap/Nam3k2/FPGA/Chuoi_1011_Mealy/vivado.log
# Journal file: C:/TaiLieuHocTap/Nam3k2/FPGA/Chuoi_1011_Mealy\vivado.jou
#-----------------------------------------------------------
start_gui
open_project C:/TaiLieuHocTap/Nam3k2/FPGA/Chuoi_1011_Mealy/Chuoi_1011_Mealy.xpr
update_compile_order -fileset sources_1
reset_run synth_1
launch_runs synth_1 -jobs 6
wait_on_run synth_1
reset_run synth_1
launch_runs synth_1 -jobs 6
wait_on_run synth_1
launch_simulation
source Chuoi_1011_tb.tcl
close_sim
launch_simulation
source Chuoi_1011_tb.tcl
close_sim
